// Jest Snapshot v1, https://goo.gl/fbAQLP

exports[`#render should show snapshot 1`] = `
<div>
  <button
    className="btn btn-primary"
    disabled={false}
    onClick={[Function]}
  >
    Send
  </button>
  <button
    className="btn btn-default"
    disabled={false}
    onClick={[Function]}
  >
    Cancel
  </button>
</div>
`;
